Archive member included to satisfy reference by file (symbol)

e:/programs/atmel/7.0/toolchain/avr8/avr8-gnu-toolchain/bin/../lib/gcc/avr/5.4.0/avr5\libgcc.a(_udivmodsi4.o)
                              APP/S1US3/S1US3.o (__udivmodsi4)
e:/programs/atmel/7.0/toolchain/avr8/avr8-gnu-toolchain/bin/../lib/gcc/avr/5.4.0/avr5\libgcc.a(_exit.o)
                              E:/Programs/Atmel/7.0/Packs/atmel/ATmega_DFP/1.3.300/gcc/dev/atmega32a/avr5/crtatmega32a.o (exit)
e:/programs/atmel/7.0/toolchain/avr8/avr8-gnu-toolchain/bin/../lib/gcc/avr/5.4.0/avr5\libgcc.a(_copy_data.o)
                              APP/S1US1/S1US1.o (__do_copy_data)
e:/programs/atmel/7.0/toolchain/avr8/avr8-gnu-toolchain/bin/../lib/gcc/avr/5.4.0/avr5\libgcc.a(_clear_bss.o)
                              APP/S1US3/S1US3.o (__do_clear_bss)
e:/programs/atmel/7.0/toolchain/avr8/avr8-gnu-toolchain/bin/../lib/gcc/avr/5.4.0/../../../../avr/lib/avr5\libc.a(memcpy.o)
                              SL/RTOS/queue.o (memcpy)

Allocating common symbols
Common symbol       size              file

pushButtonQueue     0x2               APP/S3US1/S3US1.o
UARTQueue           0x2               APP/S3US1/S3US1.o
pushButton0Queue    0x2               APP/S2US2/S2US2.o
ledQueue            0x2               APP/S2US2/S2US2.o
LM35Queue           0x2               APP/S3US1/S3US1.o
pushButton1Queue    0x2               APP/S2US2/S2US2.o

Discarded input sections

 .data          0x00000000        0x0 E:/Programs/Atmel/7.0/Packs/atmel/ATmega_DFP/1.3.300/gcc/dev/atmega32a/avr5/crtatmega32a.o
 .bss           0x00000000        0x0 E:/Programs/Atmel/7.0/Packs/atmel/ATmega_DFP/1.3.300/gcc/dev/atmega32a/avr5/crtatmega32a.o
 .text          0x00000000        0x0 APP/S1US1/S1US1.o
 .data          0x00000000        0x0 APP/S1US1/S1US1.o
 .bss           0x00000000        0x0 APP/S1US1/S1US1.o
 .text          0x00000000        0x0 APP/S1US2/S1US2.o
 .data          0x00000000        0x0 APP/S1US2/S1US2.o
 .bss           0x00000000        0x0 APP/S1US2/S1US2.o
 .text.Keypad_initTask
                0x00000000       0x3a APP/S1US2/S1US2.o
 .text.Keypad_handleTask
                0x00000000       0x4a APP/S1US2/S1US2.o
 .rodata.str1.1
                0x00000000       0x35 APP/S1US2/S1US2.o
 .text.LCD_handleTask
                0x00000000      0x1da APP/S1US2/S1US2.o
 .text.S1US2    0x00000000       0x66 APP/S1US2/S1US2.o
 .debug_info    0x00000000      0x714 APP/S1US2/S1US2.o
 .debug_abbrev  0x00000000      0x160 APP/S1US2/S1US2.o
 .debug_loc     0x00000000      0x22c APP/S1US2/S1US2.o
 .debug_aranges
                0x00000000       0x38 APP/S1US2/S1US2.o
 .debug_ranges  0x00000000       0x28 APP/S1US2/S1US2.o
 .debug_line    0x00000000      0x389 APP/S1US2/S1US2.o
 .debug_str     0x00000000      0x382 APP/S1US2/S1US2.o
 .comment       0x00000000       0x31 APP/S1US2/S1US2.o
 .debug_frame   0x00000000       0xa0 APP/S1US2/S1US2.o
 .text          0x00000000        0x0 APP/S1US3/S1US3.o
 .data          0x00000000        0x0 APP/S1US3/S1US3.o
 .bss           0x00000000        0x0 APP/S1US3/S1US3.o
 .text.LED_Toggle
                0x00000000       0x4c APP/S1US3/S1US3.o
 .text.pushButtonUpdateTask
                0x00000000       0xaa APP/S1US3/S1US3.o
 .text.InitsTask
                0x00000000       0x28 APP/S1US3/S1US3.o
 .rodata.str1.1
                0x00000000        0xe APP/S1US3/S1US3.o
 .text.S1US3    0x00000000       0x68 APP/S1US3/S1US3.o
 .bss.pushButtonTime.2129
                0x00000000        0x1 APP/S1US3/S1US3.o
 .bss.bl_button.2128
                0x00000000        0x1 APP/S1US3/S1US3.o
 .bss.pushButtonCounter.2127
                0x00000000        0x4 APP/S1US3/S1US3.o
 .bss.pushButtonTime.2134
                0x00000000        0x1 APP/S1US3/S1US3.o
 .debug_info    0x00000000      0x5aa APP/S1US3/S1US3.o
 .debug_abbrev  0x00000000      0x163 APP/S1US3/S1US3.o
 .debug_loc     0x00000000      0x13c APP/S1US3/S1US3.o
 .debug_aranges
                0x00000000       0x38 APP/S1US3/S1US3.o
 .debug_ranges  0x00000000       0x28 APP/S1US3/S1US3.o
 .debug_line    0x00000000      0x243 APP/S1US3/S1US3.o
 .debug_str     0x00000000      0x396 APP/S1US3/S1US3.o
 .comment       0x00000000       0x31 APP/S1US3/S1US3.o
 .debug_frame   0x00000000       0x80 APP/S1US3/S1US3.o
 .text          0x00000000        0x0 APP/S2US1/S2US1.o
 .data          0x00000000        0x0 APP/S2US1/S2US1.o
 .bss           0x00000000        0x0 APP/S2US1/S2US1.o
 .rodata.str1.1
                0x00000000       0x2c APP/S2US1/S2US1.o
 .text.LCDSendMessage
                0x00000000       0x36 APP/S2US1/S2US1.o
 .text.LCDUpdateTask
                0x00000000       0x8c APP/S2US1/S2US1.o
 .text.pushButtonUpdateTask
                0x00000000       0x44 APP/S2US1/S2US1.o
 .text.InitsTask
                0x00000000       0x14 APP/S2US1/S2US1.o
 .text.S2US1    0x00000000       0x92 APP/S2US1/S2US1.o
 .bss.pushButtonstate.2129
                0x00000000        0x1 APP/S2US1/S2US1.o
 .bss.Queue_LCDPrintedString
                0x00000000        0x2 APP/S2US1/S2US1.o
 .bss.Queue_pushbuttonStateValue
                0x00000000        0x2 APP/S2US1/S2US1.o
 .debug_info    0x00000000      0x696 APP/S2US1/S2US1.o
 .debug_abbrev  0x00000000      0x159 APP/S2US1/S2US1.o
 .debug_loc     0x00000000      0x185 APP/S2US1/S2US1.o
 .debug_aranges
                0x00000000       0x40 APP/S2US1/S2US1.o
 .debug_ranges  0x00000000       0x30 APP/S2US1/S2US1.o
 .debug_line    0x00000000      0x235 APP/S2US1/S2US1.o
 .debug_str     0x00000000      0x3d3 APP/S2US1/S2US1.o
 .comment       0x00000000       0x31 APP/S2US1/S2US1.o
 .debug_frame   0x00000000       0xa4 APP/S2US1/S2US1.o
 .text          0x00000000        0x0 APP/S2US2/S2US2.o
 .data          0x00000000        0x0 APP/S2US2/S2US2.o
 .bss           0x00000000        0x0 APP/S2US2/S2US2.o
 .text.LEDONTASK
                0x00000000       0xac APP/S2US2/S2US2.o
 .rodata.str1.1
                0x00000000       0x3a APP/S2US2/S2US2.o
 .text.LCDUpdateTask
                0x00000000       0x64 APP/S2US2/S2US2.o
 .text.pushButton0UpdateTask
                0x00000000       0x6c APP/S2US2/S2US2.o
 .text.pushButton1UpdateTask
                0x00000000       0x6c APP/S2US2/S2US2.o
 .text.InitsTask
                0x00000000       0x22 APP/S2US2/S2US2.o
 .text.S2US2    0x00000000       0xb8 APP/S2US2/S2US2.o
 .bss.ButtonStatus1.2136
                0x00000000        0x1 APP/S2US2/S2US2.o
 .bss.ButtonStatus0.2135
                0x00000000        0x1 APP/S2US2/S2US2.o
 .bss.ButtonStatus0.2129
                0x00000000        0x1 APP/S2US2/S2US2.o
 .bss.ButtonStatus1.2130
                0x00000000        0x1 APP/S2US2/S2US2.o
 .bss.ledStatus.2141
                0x00000000        0x1 APP/S2US2/S2US2.o
 .bss.LCDUpdateStatus.2148
                0x00000000        0x1 APP/S2US2/S2US2.o
 .bss.pushButton1Status.2147
                0x00000000        0x1 APP/S2US2/S2US2.o
 .bss.pushButton0Status.2146
                0x00000000        0x1 APP/S2US2/S2US2.o
 .debug_info    0x00000000      0x970 APP/S2US2/S2US2.o
 .debug_abbrev  0x00000000      0x13b APP/S2US2/S2US2.o
 .debug_loc     0x00000000       0xae APP/S2US2/S2US2.o
 .debug_aranges
                0x00000000       0x48 APP/S2US2/S2US2.o
 .debug_ranges  0x00000000       0x38 APP/S2US2/S2US2.o
 .debug_line    0x00000000      0x337 APP/S2US2/S2US2.o
 .debug_str     0x00000000      0x40b APP/S2US2/S2US2.o
 .comment       0x00000000       0x31 APP/S2US2/S2US2.o
 .debug_frame   0x00000000       0x84 APP/S2US2/S2US2.o
 COMMON         0x00000000        0x6 APP/S2US2/S2US2.o
 .text          0x00000000        0x0 APP/S2US3/S2US3.o
 .data          0x00000000        0x0 APP/S2US3/S2US3.o
 .bss           0x00000000        0x0 APP/S2US3/S2US3.o
 .rodata.str1.1
                0x00000000       0x4c APP/S2US3/S2US3.o
 .text.LCDUpdateTask
                0x00000000      0x280 APP/S2US3/S2US3.o
 .text.pushButtonUpdateTask
                0x00000000       0x4e APP/S2US3/S2US3.o
 .text.InitsTask
                0x00000000       0x1a APP/S2US3/S2US3.o
 .text.S2US3    0x00000000       0x7c APP/S2US3/S2US3.o
 .bss.ButtonStatus1.2129
                0x00000000        0x1 APP/S2US3/S2US3.o
 .bss.ButtonStatus0.2128
                0x00000000        0x1 APP/S2US3/S2US3.o
 .debug_info    0x00000000      0xa3b APP/S2US3/S2US3.o
 .debug_abbrev  0x00000000      0x177 APP/S2US3/S2US3.o
 .debug_loc     0x00000000      0x1c8 APP/S2US3/S2US3.o
 .debug_aranges
                0x00000000       0x38 APP/S2US3/S2US3.o
 .debug_ranges  0x00000000       0x28 APP/S2US3/S2US3.o
 .debug_line    0x00000000      0x3a2 APP/S2US3/S2US3.o
 .debug_str     0x00000000      0x3ca APP/S2US3/S2US3.o
 .comment       0x00000000       0x31 APP/S2US3/S2US3.o
 .debug_frame   0x00000000       0x74 APP/S2US3/S2US3.o
 .text          0x00000000        0x0 APP/S3US1/S3US1.o
 .data          0x00000000        0x0 APP/S3US1/S3US1.o
 .bss           0x00000000        0x0 APP/S3US1/S3US1.o
 .text.UARTUpdateTASK
                0x00000000        0xa APP/S3US1/S3US1.o
 .rodata.str1.1
                0x00000000       0x27 APP/S3US1/S3US1.o
 .text.LCDUpdateTask
                0x00000000      0x114 APP/S3US1/S3US1.o
 .text.LM35UpdateTask
                0x00000000        0xe APP/S3US1/S3US1.o
 .text.pushButtonUpdateTask
                0x00000000       0x50 APP/S3US1/S3US1.o
 .rodata        0x00000000       0x10 APP/S3US1/S3US1.o
 .text.InitsTask
                0x00000000       0x46 APP/S3US1/S3US1.o
 .text.UARTtest_cbk
                0x00000000       0x20 APP/S3US1/S3US1.o
 .text.S3US1    0x00000000       0xac APP/S3US1/S3US1.o
 .bss.ReceivedByte.2180
                0x00000000        0x1 APP/S3US1/S3US1.o
 .bss.ButtonStatus.2150
                0x00000000        0x1 APP/S3US1/S3US1.o
 .bss.UARTReading.2161
                0x00000000        0x1 APP/S3US1/S3US1.o
 .bss.charPos.2163
                0x00000000        0x1 APP/S3US1/S3US1.o
 .bss.gau8_buff1.2164
                0x00000000        0x5 APP/S3US1/S3US1.o
 .bss.LM35Reading.2160
                0x00000000        0x2 APP/S3US1/S3US1.o
 .bss.pushButtonStatus.2159
                0x00000000        0x1 APP/S3US1/S3US1.o
 .debug_info    0x00000000      0xa4e APP/S3US1/S3US1.o
 .debug_abbrev  0x00000000      0x1b3 APP/S3US1/S3US1.o
 .debug_loc     0x00000000       0x93 APP/S3US1/S3US1.o
 .debug_aranges
                0x00000000       0x50 APP/S3US1/S3US1.o
 .debug_ranges  0x00000000       0x40 APP/S3US1/S3US1.o
 .debug_line    0x00000000      0x320 APP/S3US1/S3US1.o
 .debug_str     0x00000000      0x54a APP/S3US1/S3US1.o
 .comment       0x00000000       0x31 APP/S3US1/S3US1.o
 .debug_frame   0x00000000       0x94 APP/S3US1/S3US1.o
 COMMON         0x00000000        0x6 APP/S3US1/S3US1.o
 .text          0x00000000        0x0 APP/S3US2/S3US2.o
 .data          0x00000000        0x0 APP/S3US2/S3US2.o
 .bss           0x00000000        0x0 APP/S3US2/S3US2.o
 .text.UART_TX_CBK
                0x00000000        0x8 APP/S3US2/S3US2.o
 .text.pushButtonAndLedsUpdateTask
                0x00000000      0x11c APP/S3US2/S3US2.o
 .rodata        0x00000000       0x10 APP/S3US2/S3US2.o
 .text.InitTask
                0x00000000       0x5c APP/S3US2/S3US2.o
 .text.UART_RX_CBK
                0x00000000       0x18 APP/S3US2/S3US2.o
 .text.UART_handleTask
                0x00000000       0xe0 APP/S3US2/S3US2.o
 .text.Keypad_handleTask
                0x00000000       0x66 APP/S3US2/S3US2.o
 .rodata.str1.1
                0x00000000       0x28 APP/S3US2/S3US2.o
 .text.LCDUpdateTask
                0x00000000       0xce APP/S3US2/S3US2.o
 .text.S3US2    0x00000000      0x16e APP/S3US2/S3US2.o
 .bss.ButtonStatus02.2170
                0x00000000        0x1 APP/S3US2/S3US2.o
 .bss.ButtonStatus01.2169
                0x00000000        0x1 APP/S3US2/S3US2.o
 .bss.LED2Flag.2174
                0x00000000        0x1 APP/S3US2/S3US2.o
 .bss.LED1Flag.2173
                0x00000000        0x1 APP/S3US2/S3US2.o
 .bss.LED2Status.2172
                0x00000000        0x1 APP/S3US2/S3US2.o
 .bss.LED1Status.2171
                0x00000000        0x1 APP/S3US2/S3US2.o
 .bss.keypadTOUARTQueue
                0x00000000        0x2 APP/S3US2/S3US2.o
 .bss.keypadTOLCDQueue
                0x00000000        0x2 APP/S3US2/S3US2.o
 .bss.LED2Queue
                0x00000000        0x2 APP/S3US2/S3US2.o
 .bss.LED1Queue
                0x00000000        0x2 APP/S3US2/S3US2.o
 .bss.pushButton0TOUARTQueue
                0x00000000        0x2 APP/S3US2/S3US2.o
 .bss.pushButton0TOLCDQueue
                0x00000000        0x2 APP/S3US2/S3US2.o
 .data.UART_sendFlag
                0x00000000        0x1 APP/S3US2/S3US2.o
 .bss.UART_data_RecievedIndex
                0x00000000        0x1 APP/S3US2/S3US2.o
 .bss.UART_dataRecieved
                0x00000000       0x11 APP/S3US2/S3US2.o
 .debug_info    0x00000000      0xe30 APP/S3US2/S3US2.o
 .debug_abbrev  0x00000000      0x1be APP/S3US2/S3US2.o
 .debug_loc     0x00000000      0x2a2 APP/S3US2/S3US2.o
 .debug_aranges
                0x00000000       0x58 APP/S3US2/S3US2.o
 .debug_ranges  0x00000000       0x48 APP/S3US2/S3US2.o
 .debug_line    0x00000000      0x522 APP/S3US2/S3US2.o
 .debug_str     0x00000000      0x631 APP/S3US2/S3US2.o
 .comment       0x00000000       0x31 APP/S3US2/S3US2.o
 .debug_frame   0x00000000       0xe4 APP/S3US2/S3US2.o
 .text          0x00000000        0x0 COMMON/my_stdlib.o
 .data          0x00000000        0x0 COMMON/my_stdlib.o
 .bss           0x00000000        0x0 COMMON/my_stdlib.o
 .text.my_itoa  0x00000000      0x132 COMMON/my_stdlib.o
 .debug_info    0x00000000      0x1b9 COMMON/my_stdlib.o
 .debug_abbrev  0x00000000      0x13f COMMON/my_stdlib.o
 .debug_loc     0x00000000      0x378 COMMON/my_stdlib.o
 .debug_aranges
                0x00000000       0x20 COMMON/my_stdlib.o
 .debug_ranges  0x00000000       0x10 COMMON/my_stdlib.o
 .debug_line    0x00000000       0xf6 COMMON/my_stdlib.o
 .debug_str     0x00000000      0x1d8 COMMON/my_stdlib.o
 .comment       0x00000000       0x31 COMMON/my_stdlib.o
 .debug_frame   0x00000000       0x78 COMMON/my_stdlib.o
 .text          0x00000000        0x0 ECUAL/KEYPAD/Keypad.o
 .data          0x00000000        0x0 ECUAL/KEYPAD/Keypad.o
 .bss           0x00000000        0x0 ECUAL/KEYPAD/Keypad.o
 .text.keypad_click
                0x00000000      0x146 ECUAL/KEYPAD/Keypad.o
 .text.Keypad_init
                0x00000000       0x70 ECUAL/KEYPAD/Keypad.o
 .text.Keypad_update
                0x00000000       0x44 ECUAL/KEYPAD/Keypad.o
 .text.Keypad_getPressedKey
                0x00000000       0x1e ECUAL/KEYPAD/Keypad.o
 .bss.u8_readCount.1619
                0x00000000        0x1 ECUAL/KEYPAD/Keypad.o
 .bss.gu8_secondRead
                0x00000000        0x1 ECUAL/KEYPAD/Keypad.o
 .bss.gu8_firstRead
                0x00000000        0x1 ECUAL/KEYPAD/Keypad.o
 .bss.gu8_keypadKeyPressed
                0x00000000        0x1 ECUAL/KEYPAD/Keypad.o
 .data.gu8_keypadStatus
                0x00000000        0x1 ECUAL/KEYPAD/Keypad.o
 .debug_info    0x00000000      0x48b ECUAL/KEYPAD/Keypad.o
 .debug_abbrev  0x00000000      0x141 ECUAL/KEYPAD/Keypad.o
 .debug_loc     0x00000000      0x175 ECUAL/KEYPAD/Keypad.o
 .debug_aranges
                0x00000000       0x38 ECUAL/KEYPAD/Keypad.o
 .debug_ranges  0x00000000       0x28 ECUAL/KEYPAD/Keypad.o
 .debug_line    0x00000000      0x216 ECUAL/KEYPAD/Keypad.o
 .debug_str     0x00000000      0x27e ECUAL/KEYPAD/Keypad.o
 .comment       0x00000000       0x31 ECUAL/KEYPAD/Keypad.o
 .debug_frame   0x00000000       0x88 ECUAL/KEYPAD/Keypad.o
 .text          0x00000000        0x0 ECUAL/LCD/lcd.o
 .data          0x00000000        0x0 ECUAL/LCD/lcd.o
 .bss           0x00000000        0x0 ECUAL/LCD/lcd.o
 .text.LCD_InternalLatch
                0x00000000       0x2a ECUAL/LCD/lcd.o
 .text.LCD_sendCommand
                0x00000000       0xee ECUAL/LCD/lcd.o
 .text.LCD_Init
                0x00000000       0xa8 ECUAL/LCD/lcd.o
 .text.LCD_displayCharacter
                0x00000000       0xee ECUAL/LCD/lcd.o
 .text.LCD_displayString
                0x00000000       0x58 ECUAL/LCD/lcd.o
 .text.LCD_gotoRowColumn
                0x00000000       0x36 ECUAL/LCD/lcd.o
 .text.LCD_sendString_RowCol
                0x00000000       0x66 ECUAL/LCD/lcd.o
 .bss.gbl_LCDInitialized
                0x00000000        0x1 ECUAL/LCD/lcd.o
 .debug_info    0x00000000      0x7f6 ECUAL/LCD/lcd.o
 .debug_abbrev  0x00000000      0x239 ECUAL/LCD/lcd.o
 .debug_loc     0x00000000      0x82e ECUAL/LCD/lcd.o
 .debug_aranges
                0x00000000       0x50 ECUAL/LCD/lcd.o
 .debug_ranges  0x00000000       0x58 ECUAL/LCD/lcd.o
 .debug_line    0x00000000      0x3b7 ECUAL/LCD/lcd.o
 .debug_str     0x00000000      0x37e ECUAL/LCD/lcd.o
 .comment       0x00000000       0x31 ECUAL/LCD/lcd.o
 .debug_frame   0x00000000      0x120 ECUAL/LCD/lcd.o
 .text          0x00000000        0x0 ECUAL/LCD/LCD_lcfg.o
 .data          0x00000000        0x0 ECUAL/LCD/LCD_lcfg.o
 .bss           0x00000000        0x0 ECUAL/LCD/LCD_lcfg.o
 .data.DIO_Cfg_LCD_D7
                0x00000000        0x3 ECUAL/LCD/LCD_lcfg.o
 .data.DIO_Cfg_LCD_D6
                0x00000000        0x3 ECUAL/LCD/LCD_lcfg.o
 .data.DIO_Cfg_LCD_D5
                0x00000000        0x3 ECUAL/LCD/LCD_lcfg.o
 .data.DIO_Cfg_LCD_D4
                0x00000000        0x3 ECUAL/LCD/LCD_lcfg.o
 .data.DIO_Cfg_LCD_E
                0x00000000        0x3 ECUAL/LCD/LCD_lcfg.o
 .data.DIO_Cfg_LCD_RW
                0x00000000        0x3 ECUAL/LCD/LCD_lcfg.o
 .data.DIO_Cfg_LCD_RS
                0x00000000        0x3 ECUAL/LCD/LCD_lcfg.o
 .debug_info    0x00000000      0x128 ECUAL/LCD/LCD_lcfg.o
 .debug_abbrev  0x00000000       0x71 ECUAL/LCD/LCD_lcfg.o
 .debug_aranges
                0x00000000       0x18 ECUAL/LCD/LCD_lcfg.o
 .debug_line    0x00000000       0x63 ECUAL/LCD/LCD_lcfg.o
 .debug_str     0x00000000      0x1f7 ECUAL/LCD/LCD_lcfg.o
 .comment       0x00000000       0x31 ECUAL/LCD/LCD_lcfg.o
 .text          0x00000000        0x0 ECUAL/LED/led.o
 .data          0x00000000        0x0 ECUAL/LED/led.o
 .bss           0x00000000        0x0 ECUAL/LED/led.o
 .text.Led_Off  0x00000000       0x40 ECUAL/LED/led.o
 .text          0x00000000        0x0 ECUAL/LM35/LM35.o
 .data          0x00000000        0x0 ECUAL/LM35/LM35.o
 .bss           0x00000000        0x0 ECUAL/LM35/LM35.o
 .text.ADCInterrupt_CBK
                0x00000000       0x20 ECUAL/LM35/LM35.o
 .rodata        0x00000000        0x6 ECUAL/LM35/LM35.o
 .text.LM35_Init
                0x00000000       0x3e ECUAL/LM35/LM35.o
 .text.LM35_StartConversion
                0x00000000        0x8 ECUAL/LM35/LM35.o
 .text.LM35_GetReading
                0x00000000       0x12 ECUAL/LM35/LM35.o
 .bss.LM35_ADCReading.1661
                0x00000000        0x2 ECUAL/LM35/LM35.o
 .bss.gu16_LM35Reading
                0x00000000        0x2 ECUAL/LM35/LM35.o
 .debug_info    0x00000000      0x270 ECUAL/LM35/LM35.o
 .debug_abbrev  0x00000000      0x154 ECUAL/LM35/LM35.o
 .debug_loc     0x00000000       0xae ECUAL/LM35/LM35.o
 .debug_aranges
                0x00000000       0x38 ECUAL/LM35/LM35.o
 .debug_ranges  0x00000000       0x28 ECUAL/LM35/LM35.o
 .debug_line    0x00000000       0xde ECUAL/LM35/LM35.o
 .debug_str     0x00000000      0x2c3 ECUAL/LM35/LM35.o
 .comment       0x00000000       0x31 ECUAL/LM35/LM35.o
 .debug_frame   0x00000000       0x64 ECUAL/LM35/LM35.o
 .text          0x00000000        0x0 ECUAL/Push Button/pushButton.o
 .data          0x00000000        0x0 ECUAL/Push Button/pushButton.o
 .bss           0x00000000        0x0 ECUAL/Push Button/pushButton.o
 .text.pushButton_Init
                0x00000000       0x9a ECUAL/Push Button/pushButton.o
 .text.pushButton_Update
                0x00000000       0xe6 ECUAL/Push Button/pushButton.o
 .text.pushButton_GetStatus
                0x00000000       0x30 ECUAL/Push Button/pushButton.o
 .bss.buttonNo  0x00000000        0x1 ECUAL/Push Button/pushButton.o
 .bss.avrbuttons
                0x00000000        0x8 ECUAL/Push Button/pushButton.o
 .debug_info    0x00000000      0x2c4 ECUAL/Push Button/pushButton.o
 .debug_abbrev  0x00000000      0x143 ECUAL/Push Button/pushButton.o
 .debug_loc     0x00000000      0x21e ECUAL/Push Button/pushButton.o
 .debug_aranges
                0x00000000       0x30 ECUAL/Push Button/pushButton.o
 .debug_ranges  0x00000000       0x20 ECUAL/Push Button/pushButton.o
 .debug_line    0x00000000      0x1ae ECUAL/Push Button/pushButton.o
 .debug_str     0x00000000      0x2a4 ECUAL/Push Button/pushButton.o
 .comment       0x00000000       0x31 ECUAL/Push Button/pushButton.o
 .debug_frame   0x00000000       0x98 ECUAL/Push Button/pushButton.o
 .text          0x00000000        0x0 main.o
 .data          0x00000000        0x0 main.o
 .bss           0x00000000        0x0 main.o
 .text          0x00000000        0x0 MCAL/ADC/adc.o
 .data          0x00000000        0x0 MCAL/ADC/adc.o
 .bss           0x00000000        0x0 MCAL/ADC/adc.o
 .text.ADC_Init
                0x00000000       0x72 MCAL/ADC/adc.o
 .text.ADC_Enable
                0x00000000       0x12 MCAL/ADC/adc.o
 .text.ADC_Start_Polling
                0x00000000       0x3a MCAL/ADC/adc.o
 .text.ADC_Start_Interrupt
                0x00000000       0x18 MCAL/ADC/adc.o
 .text.ADC_Read
                0x00000000       0x22 MCAL/ADC/adc.o
 .text.ADC_Set_AutoTrig
                0x00000000       0x10 MCAL/ADC/adc.o
 .text.ADC_Stop_AutoTrig
                0x00000000       0x12 MCAL/ADC/adc.o
 .text.ADC_Stop
                0x00000000       0x10 MCAL/ADC/adc.o
 .text.ADC_Disable
                0x00000000       0x12 MCAL/ADC/adc.o
 .rodata.ADC_SingleAutoTrigger_Lookup
                0x00000000        0x2 MCAL/ADC/adc.o
 .rodata.ADC_InterPoll_Lookup
                0x00000000        0x2 MCAL/ADC/adc.o
 .bss.gbl_ADCInitialized
                0x00000000        0x1 MCAL/ADC/adc.o
 .text          0x00000000        0x0 MCAL/ADC/ADC_lcfg.o
 .data          0x00000000        0x0 MCAL/ADC/ADC_lcfg.o
 .bss           0x00000000        0x0 MCAL/ADC/ADC_lcfg.o
 .data.DIO_Cfg_ADC_Channel
                0x00000000        0x3 MCAL/ADC/ADC_lcfg.o
 .debug_info    0x00000000       0xbc MCAL/ADC/ADC_lcfg.o
 .debug_abbrev  0x00000000       0x71 MCAL/ADC/ADC_lcfg.o
 .debug_aranges
                0x00000000       0x18 MCAL/ADC/ADC_lcfg.o
 .debug_line    0x00000000       0x62 MCAL/ADC/ADC_lcfg.o
 .debug_str     0x00000000      0x1a2 MCAL/ADC/ADC_lcfg.o
 .comment       0x00000000       0x31 MCAL/ADC/ADC_lcfg.o
 .text          0x00000000        0x0 MCAL/DIO/DIO.o
 .data          0x00000000        0x0 MCAL/DIO/DIO.o
 .bss           0x00000000        0x0 MCAL/DIO/DIO.o
 .text.DIO_Read
                0x00000000       0x52 MCAL/DIO/DIO.o
 .text          0x00000000        0x0 MCAL/UART/UART.o
 .data          0x00000000        0x0 MCAL/UART/UART.o
 .bss           0x00000000        0x0 MCAL/UART/UART.o
 .text.UART_Init
                0x00000000      0x2cc MCAL/UART/UART.o
 .text.UART_Deinit
                0x00000000       0x70 MCAL/UART/UART.o
 .text.UART_SendByte
                0x00000000       0x1c MCAL/UART/UART.o
 .text.UART_ReceiveByte
                0x00000000       0x22 MCAL/UART/UART.o
 .bss.gu8_interrupt_mode
                0x00000000        0x1 MCAL/UART/UART.o
 .text          0x00000000        0x0 SL/RTOS/croutine.o
 .data          0x00000000        0x0 SL/RTOS/croutine.o
 .bss           0x00000000        0x0 SL/RTOS/croutine.o
 .debug_info    0x00000000       0x6b SL/RTOS/croutine.o
 .debug_abbrev  0x00000000       0x26 SL/RTOS/croutine.o
 .debug_aranges
                0x00000000       0x18 SL/RTOS/croutine.o
 .debug_line    0x00000000       0x1a SL/RTOS/croutine.o
 .debug_str     0x00000000      0x181 SL/RTOS/croutine.o
 .comment       0x00000000       0x31 SL/RTOS/croutine.o
 .text          0x00000000        0x0 SL/RTOS/event_groups.o
 .data          0x00000000        0x0 SL/RTOS/event_groups.o
 .bss           0x00000000        0x0 SL/RTOS/event_groups.o
 .text.xEventGroupCreate
                0x00000000       0x26 SL/RTOS/event_groups.o
 .text.xEventGroupWaitBits
                0x00000000      0x110 SL/RTOS/event_groups.o
 .text.xEventGroupClearBits
                0x00000000       0x1e SL/RTOS/event_groups.o
 .text.xEventGroupGetBitsFromISR
                0x00000000        0x8 SL/RTOS/event_groups.o
 .text.xEventGroupSetBits
                0x00000000       0xdc SL/RTOS/event_groups.o
 .text.xEventGroupSync
                0x00000000       0xd2 SL/RTOS/event_groups.o
 .text.vEventGroupDelete
                0x00000000       0x32 SL/RTOS/event_groups.o
 .text.vEventGroupSetBitsCallback
                0x00000000        0x8 SL/RTOS/event_groups.o
 .text.vEventGroupClearBitsCallback
                0x00000000        0x8 SL/RTOS/event_groups.o
 .debug_info    0x00000000      0x912 SL/RTOS/event_groups.o
 .debug_abbrev  0x00000000      0x20c SL/RTOS/event_groups.o
 .debug_loc     0x00000000      0xb78 SL/RTOS/event_groups.o
 .debug_aranges
                0x00000000       0x60 SL/RTOS/event_groups.o
 .debug_ranges  0x00000000       0x68 SL/RTOS/event_groups.o
 .debug_line    0x00000000      0x38a SL/RTOS/event_groups.o
 .debug_str     0x00000000      0x595 SL/RTOS/event_groups.o
 .comment       0x00000000       0x31 SL/RTOS/event_groups.o
 .debug_frame   0x00000000      0x158 SL/RTOS/event_groups.o
 .text          0x00000000        0x0 SL/RTOS/heap_1.o
 .data          0x00000000        0x0 SL/RTOS/heap_1.o
 .bss           0x00000000        0x0 SL/RTOS/heap_1.o
 .text.vPortInitialiseBlocks
                0x00000000        0xa SL/RTOS/heap_1.o
 .text.xPortGetFreeHeapSize
                0x00000000       0x12 SL/RTOS/heap_1.o
 .text          0x00000000        0x0 SL/RTOS/list.o
 .data          0x00000000        0x0 SL/RTOS/list.o
 .bss           0x00000000        0x0 SL/RTOS/list.o
 .text          0x00000000        0x0 SL/RTOS/port.o
 .data          0x00000000        0x0 SL/RTOS/port.o
 .bss           0x00000000        0x0 SL/RTOS/port.o
 .text.vPortEndScheduler
                0x00000000        0x2 SL/RTOS/port.o
 .text.vPortYieldFromTick
                0x00000000       0xb8 SL/RTOS/port.o
 .text          0x00000000        0x0 SL/RTOS/queue.o
 .data          0x00000000        0x0 SL/RTOS/queue.o
 .bss           0x00000000        0x0 SL/RTOS/queue.o
 .text.prvIsQueueEmpty
                0x00000000       0x16 SL/RTOS/queue.o
 .text.prvCopyDataToQueue
                0x00000000       0x92 SL/RTOS/queue.o
 .text.prvCopyDataFromQueue
                0x00000000       0x34 SL/RTOS/queue.o
 .text.prvUnlockQueue
                0x00000000       0x9a SL/RTOS/queue.o
 .text.xQueueGenericReset
                0x00000000       0x84 SL/RTOS/queue.o
 .text.xQueueGenericCreate
                0x00000000       0x5a SL/RTOS/queue.o
 .text.xQueueGenericSend
                0x00000000      0x132 SL/RTOS/queue.o
 .text.xQueueGenericSendFromISR
                0x00000000       0x74 SL/RTOS/queue.o
 .text.xQueueGiveFromISR
                0x00000000       0x52 SL/RTOS/queue.o
 .text.xQueueReceive
                0x00000000      0x12c SL/RTOS/queue.o
 .text.xQueueSemaphoreTake
                0x00000000      0x114 SL/RTOS/queue.o
 .text.xQueuePeek
                0x00000000      0x12c SL/RTOS/queue.o
 .text.xQueueReceiveFromISR
                0x00000000       0x6e SL/RTOS/queue.o
 .text.xQueuePeekFromISR
                0x00000000       0x2e SL/RTOS/queue.o
 .text.uxQueueMessagesWaiting
                0x00000000       0x10 SL/RTOS/queue.o
 .text.uxQueueSpacesAvailable
                0x00000000       0x14 SL/RTOS/queue.o
 .text.uxQueueMessagesWaitingFromISR
                0x00000000        0x6 SL/RTOS/queue.o
 .text.vQueueDelete
                0x00000000        0x6 SL/RTOS/queue.o
 .text.xQueueIsQueueEmptyFromISR
                0x00000000        0xc SL/RTOS/queue.o
 .text.xQueueIsQueueFullFromISR
                0x00000000        0xe SL/RTOS/queue.o
 .debug_info    0x00000000     0x1432 SL/RTOS/queue.o
 .debug_abbrev  0x00000000      0x2af SL/RTOS/queue.o
 .debug_loc     0x00000000     0x187d SL/RTOS/queue.o
 .debug_aranges
                0x00000000       0xb8 SL/RTOS/queue.o
 .debug_ranges  0x00000000      0x138 SL/RTOS/queue.o
 .debug_line    0x00000000      0x9b0 SL/RTOS/queue.o
 .debug_str     0x00000000      0x767 SL/RTOS/queue.o
 .comment       0x00000000       0x31 SL/RTOS/queue.o
 .debug_frame   0x00000000      0x2ec SL/RTOS/queue.o
 .text          0x00000000        0x0 SL/RTOS/stream_buffer.o
 .data          0x00000000        0x0 SL/RTOS/stream_buffer.o
 .bss           0x00000000        0x0 SL/RTOS/stream_buffer.o
 .text.prvBytesInBuffer
                0x00000000       0x26 SL/RTOS/stream_buffer.o
 .text.prvWriteBytesToBuffer
                0x00000000       0x92 SL/RTOS/stream_buffer.o
 .text.prvWriteMessageToBuffer
                0x00000000       0x82 SL/RTOS/stream_buffer.o
 .text.prvReadBytesFromBuffer
                0x00000000       0x9e SL/RTOS/stream_buffer.o
 .text.xStreamBufferGenericCreate
                0x00000000       0x5a SL/RTOS/stream_buffer.o
 .text.vStreamBufferDelete
                0x00000000       0x1a SL/RTOS/stream_buffer.o
 .text.xStreamBufferReset
                0x00000000       0x74 SL/RTOS/stream_buffer.o
 .text.xStreamBufferSetTriggerLevel
                0x00000000       0x22 SL/RTOS/stream_buffer.o
 .text.xStreamBufferSpacesAvailable
                0x00000000       0x24 SL/RTOS/stream_buffer.o
 .text.xStreamBufferBytesAvailable
                0x00000000        0x6 SL/RTOS/stream_buffer.o
 .text.xStreamBufferSend
                0x00000000      0x146 SL/RTOS/stream_buffer.o
 .text.xStreamBufferSendFromISR
                0x00000000       0x8c SL/RTOS/stream_buffer.o
 .text.xStreamBufferReceive
                0x00000000      0x148 SL/RTOS/stream_buffer.o
 .text.xStreamBufferNextMessageLengthBytes
                0x00000000       0x66 SL/RTOS/stream_buffer.o
 .text.xStreamBufferReceiveFromISR
                0x00000000       0xe6 SL/RTOS/stream_buffer.o
 .text.xStreamBufferIsEmpty
                0x00000000       0x16 SL/RTOS/stream_buffer.o
 .text.xStreamBufferIsFull
                0x00000000       0x2c SL/RTOS/stream_buffer.o
 .text.xStreamBufferSendCompletedFromISR
                0x00000000       0x46 SL/RTOS/stream_buffer.o
 .text.xStreamBufferReceiveCompletedFromISR
                0x00000000       0x46 SL/RTOS/stream_buffer.o
 .debug_info    0x00000000     0x1385 SL/RTOS/stream_buffer.o
 .debug_abbrev  0x00000000      0x29b SL/RTOS/stream_buffer.o
 .debug_loc     0x00000000     0x1cde SL/RTOS/stream_buffer.o
 .debug_aranges
                0x00000000       0xb0 SL/RTOS/stream_buffer.o
 .debug_ranges  0x00000000       0xa0 SL/RTOS/stream_buffer.o
 .debug_line    0x00000000      0x724 SL/RTOS/stream_buffer.o
 .debug_str     0x00000000      0x7ad SL/RTOS/stream_buffer.o
 .comment       0x00000000       0x31 SL/RTOS/stream_buffer.o
 .debug_frame   0x00000000      0x38c SL/RTOS/stream_buffer.o
 .text          0x00000000        0x0 SL/RTOS/tasks.o
 .data          0x00000000        0x0 SL/RTOS/tasks.o
 .bss           0x00000000        0x0 SL/RTOS/tasks.o
 .text.vTaskResume
                0x00000000       0x8e SL/RTOS/tasks.o
 .text.xTaskResumeFromISR
                0x00000000       0xae SL/RTOS/tasks.o
 .text.vTaskEndScheduler
                0x00000000        0xc SL/RTOS/tasks.o
 .text.xTaskGetTickCount
                0x00000000       0x14 SL/RTOS/tasks.o
 .text.xTaskGetTickCountFromISR
                0x00000000        0xa SL/RTOS/tasks.o
 .text.uxTaskGetNumberOfTasks
                0x00000000        0x6 SL/RTOS/tasks.o
 .text.pcTaskGetName
                0x00000000       0x10 SL/RTOS/tasks.o
 .text.vTaskDelayUntil
                0x00000000       0x7c SL/RTOS/tasks.o
 .text.vTaskPlaceOnEventList
                0x00000000       0x24 SL/RTOS/tasks.o
 .text.vTaskPlaceOnUnorderedEventList
                0x00000000       0x32 SL/RTOS/tasks.o
 .text.xTaskRemoveFromEventList
                0x00000000       0x90 SL/RTOS/tasks.o
 .text.vTaskRemoveFromUnorderedEventList
                0x00000000       0x70 SL/RTOS/tasks.o
 .text.vTaskSetTimeOutState
                0x00000000       0x20 SL/RTOS/tasks.o
 .text.vTaskInternalSetTimeOutState
                0x00000000       0x16 SL/RTOS/tasks.o
 .text.xTaskCheckForTimeOut
                0x00000000       0x6c SL/RTOS/tasks.o
 .text.vTaskMissedYield
                0x00000000        0x8 SL/RTOS/tasks.o
 .text.xTaskGetCurrentTaskHandle
                0x00000000        0xa SL/RTOS/tasks.o
 .text.uxTaskResetEventItemValue
                0x00000000       0x2e SL/RTOS/tasks.o
 .text.ulTaskNotifyTake
                0x00000000       0xae SL/RTOS/tasks.o
 .text.xTaskNotifyWait
                0x00000000      0x108 SL/RTOS/tasks.o
 .text.xTaskGenericNotify
                0x00000000       0xec SL/RTOS/tasks.o
 .text.xTaskGenericNotifyFromISR
                0x00000000      0x120 SL/RTOS/tasks.o
 .text.vTaskNotifyGiveFromISR
                0x00000000       0xb4 SL/RTOS/tasks.o
 .text.xTaskNotifyStateClear
                0x00000000       0x28 SL/RTOS/tasks.o
 .text          0x00000000        0x0 SL/RTOS/timers.o
 .data          0x00000000        0x0 SL/RTOS/timers.o
 .bss           0x00000000        0x0 SL/RTOS/timers.o
 .debug_info    0x00000000       0x6b SL/RTOS/timers.o
 .debug_abbrev  0x00000000       0x26 SL/RTOS/timers.o
 .debug_aranges
                0x00000000       0x18 SL/RTOS/timers.o
 .debug_line    0x00000000       0x1a SL/RTOS/timers.o
 .debug_str     0x00000000      0x17f SL/RTOS/timers.o
 .comment       0x00000000       0x31 SL/RTOS/timers.o
 .text          0x00000000        0x0 e:/programs/atmel/7.0/toolchain/avr8/avr8-gnu-toolchain/bin/../lib/gcc/avr/5.4.0/avr5\libgcc.a(_udivmodsi4.o)
 .data          0x00000000        0x0 e:/programs/atmel/7.0/toolchain/avr8/avr8-gnu-toolchain/bin/../lib/gcc/avr/5.4.0/avr5\libgcc.a(_udivmodsi4.o)
 .bss           0x00000000        0x0 e:/programs/atmel/7.0/toolchain/avr8/avr8-gnu-toolchain/bin/../lib/gcc/avr/5.4.0/avr5\libgcc.a(_udivmodsi4.o)
 .text.libgcc.mul
                0x00000000        0x0 e:/programs/atmel/7.0/toolchain/avr8/avr8-gnu-toolchain/bin/../lib/gcc/avr/5.4.0/avr5\libgcc.a(_udivmodsi4.o)
 .text.libgcc.div
                0x00000000       0x44 e:/programs/atmel/7.0/toolchain/avr8/avr8-gnu-toolchain/bin/../lib/gcc/avr/5.4.0/avr5\libgcc.a(_udivmodsi4.o)
 .text.libgcc   0x00000000        0x0 e:/programs/atmel/7.0/toolchain/avr8/avr8-gnu-toolchain/bin/../lib/gcc/avr/5.4.0/avr5\libgcc.a(_udivmodsi4.o)
 .text.libgcc.prologue
                0x00000000        0x0 e:/programs/atmel/7.0/toolchain/avr8/avr8-gnu-toolchain/bin/../lib/gcc/avr/5.4.0/avr5\libgcc.a(_udivmodsi4.o)
 .text.libgcc.builtins
                0x00000000        0x0 e:/programs/atmel/7.0/toolchain/avr8/avr8-gnu-toolchain/bin/../lib/gcc/avr/5.4.0/avr5\libgcc.a(_udivmodsi4.o)
 .text.libgcc.fmul
                0x00000000        0x0 e:/programs/atmel/7.0/toolchain/avr8/avr8-gnu-toolchain/bin/../lib/gcc/avr/5.4.0/avr5\libgcc.a(_udivmodsi4.o)
 .text.libgcc.fixed
                0x00000000        0x0 e:/programs/atmel/7.0/toolchain/avr8/avr8-gnu-toolchain/bin/../lib/gcc/avr/5.4.0/avr5\libgcc.a(_udivmodsi4.o)
 .text          0x00000000        0x0 e:/programs/atmel/7.0/toolchain/avr8/avr8-gnu-toolchain/bin/../lib/gcc/avr/5.4.0/avr5\libgcc.a(_exit.o)
 .data          0x00000000        0x0 e:/programs/atmel/7.0/toolchain/avr8/avr8-gnu-toolchain/bin/../lib/gcc/avr/5.4.0/avr5\libgcc.a(_exit.o)
 .bss           0x00000000        0x0 e:/programs/atmel/7.0/toolchain/avr8/avr8-gnu-toolchain/bin/../lib/gcc/avr/5.4.0/avr5\libgcc.a(_exit.o)
 .text.libgcc.mul
                0x00000000        0x0 e:/programs/atmel/7.0/toolchain/avr8/avr8-gnu-toolchain/bin/../lib/gcc/avr/5.4.0/avr5\libgcc.a(_exit.o)
 .text.libgcc.div
                0x00000000        0x0 e:/programs/atmel/7.0/toolchain/avr8/avr8-gnu-toolchain/bin/../lib/gcc/avr/5.4.0/avr5\libgcc.a(_exit.o)
 .text.libgcc   0x00000000        0x0 e:/programs/atmel/7.0/toolchain/avr8/avr8-gnu-toolchain/bin/../lib/gcc/avr/5.4.0/avr5\libgcc.a(_exit.o)
 .text.libgcc.prologue
                0x00000000        0x0 e:/programs/atmel/7.0/toolchain/avr8/avr8-gnu-toolchain/bin/../lib/gcc/avr/5.4.0/avr5\libgcc.a(_exit.o)
 .text.libgcc.builtins
                0x00000000        0x0 e:/programs/atmel/7.0/toolchain/avr8/avr8-gnu-toolchain/bin/../lib/gcc/avr/5.4.0/avr5\libgcc.a(_exit.o)
 .text.libgcc.fmul
                0x00000000        0x0 e:/programs/atmel/7.0/toolchain/avr8/avr8-gnu-toolchain/bin/../lib/gcc/avr/5.4.0/avr5\libgcc.a(_exit.o)
 .text.libgcc.fixed
                0x00000000        0x0 e:/programs/atmel/7.0/toolchain/avr8/avr8-gnu-toolchain/bin/../lib/gcc/avr/5.4.0/avr5\libgcc.a(_exit.o)
 .text          0x00000000        0x0 e:/programs/atmel/7.0/toolchain/avr8/avr8-gnu-toolchain/bin/../lib/gcc/avr/5.4.0/avr5\libgcc.a(_copy_data.o)
 .data          0x00000000        0x0 e:/programs/atmel/7.0/toolchain/avr8/avr8-gnu-toolchain/bin/../lib/gcc/avr/5.4.0/avr5\libgcc.a(_copy_data.o)
 .bss           0x00000000        0x0 e:/programs/atmel/7.0/toolchain/avr8/avr8-gnu-toolchain/bin/../lib/gcc/avr/5.4.0/avr5\libgcc.a(_copy_data.o)
 .text.libgcc.mul
                0x00000000        0x0 e:/programs/atmel/7.0/toolchain/avr8/avr8-gnu-toolchain/bin/../lib/gcc/avr/5.4.0/avr5\libgcc.a(_copy_data.o)
 .text.libgcc.div
                0x00000000        0x0 e:/programs/atmel/7.0/toolchain/avr8/avr8-gnu-toolchain/bin/../lib/gcc/avr/5.4.0/avr5\libgcc.a(_copy_data.o)
 .text.libgcc   0x00000000        0x0 e:/programs/atmel/7.0/toolchain/avr8/avr8-gnu-toolchain/bin/../lib/gcc/avr/5.4.0/avr5\libgcc.a(_copy_data.o)
 .text.libgcc.prologue
                0x00000000        0x0 e:/programs/atmel/7.0/toolchain/avr8/avr8-gnu-toolchain/bin/../lib/gcc/avr/5.4.0/avr5\libgcc.a(_copy_data.o)
 .text.libgcc.builtins
                0x00000000        0x0 e:/programs/atmel/7.0/toolchain/avr8/avr8-gnu-toolchain/bin/../lib/gcc/avr/5.4.0/avr5\libgcc.a(_copy_data.o)
 .text.libgcc.fmul
                0x00000000        0x0 e:/programs/atmel/7.0/toolchain/avr8/avr8-gnu-toolchain/bin/../lib/gcc/avr/5.4.0/avr5\libgcc.a(_copy_data.o)
 .text.libgcc.fixed
                0x00000000        0x0 e:/programs/atmel/7.0/toolchain/avr8/avr8-gnu-toolchain/bin/../lib/gcc/avr/5.4.0/avr5\libgcc.a(_copy_data.o)
 .text          0x00000000        0x0 e:/programs/atmel/7.0/toolchain/avr8/avr8-gnu-toolchain/bin/../lib/gcc/avr/5.4.0/avr5\libgcc.a(_clear_bss.o)
 .data          0x00000000        0x0 e:/programs/atmel/7.0/toolchain/avr8/avr8-gnu-toolchain/bin/../lib/gcc/avr/5.4.0/avr5\libgcc.a(_clear_bss.o)
 .bss           0x00000000        0x0 e:/programs/atmel/7.0/toolchain/avr8/avr8-gnu-toolchain/bin/../lib/gcc/avr/5.4.0/avr5\libgcc.a(_clear_bss.o)
 .text.libgcc.mul
                0x00000000        0x0 e:/programs/atmel/7.0/toolchain/avr8/avr8-gnu-toolchain/bin/../lib/gcc/avr/5.4.0/avr5\libgcc.a(_clear_bss.o)
 .text.libgcc.div
                0x00000000        0x0 e:/programs/atmel/7.0/toolchain/avr8/avr8-gnu-toolchain/bin/../lib/gcc/avr/5.4.0/avr5\libgcc.a(_clear_bss.o)
 .text.libgcc   0x00000000        0x0 e:/programs/atmel/7.0/toolchain/avr8/avr8-gnu-toolchain/bin/../lib/gcc/avr/5.4.0/avr5\libgcc.a(_clear_bss.o)
 .text.libgcc.prologue
                0x00000000        0x0 e:/programs/atmel/7.0/toolchain/avr8/avr8-gnu-toolchain/bin/../lib/gcc/avr/5.4.0/avr5\libgcc.a(_clear_bss.o)
 .text.libgcc.builtins
                0x00000000        0x0 e:/programs/atmel/7.0/toolchain/avr8/avr8-gnu-toolchain/bin/../lib/gcc/avr/5.4.0/avr5\libgcc.a(_clear_bss.o)
 .text.libgcc.fmul
                0x00000000        0x0 e:/programs/atmel/7.0/toolchain/avr8/avr8-gnu-toolchain/bin/../lib/gcc/avr/5.4.0/avr5\libgcc.a(_clear_bss.o)
 .text.libgcc.fixed
                0x00000000        0x0 e:/programs/atmel/7.0/toolchain/avr8/avr8-gnu-toolchain/bin/../lib/gcc/avr/5.4.0/avr5\libgcc.a(_clear_bss.o)
 .text          0x00000000        0x0 e:/programs/atmel/7.0/toolchain/avr8/avr8-gnu-toolchain/bin/../lib/gcc/avr/5.4.0/../../../../avr/lib/avr5\libc.a(memcpy.o)
 .data          0x00000000        0x0 e:/programs/atmel/7.0/toolchain/avr8/avr8-gnu-toolchain/bin/../lib/gcc/avr/5.4.0/../../../../avr/lib/avr5\libc.a(memcpy.o)
 .bss           0x00000000        0x0 e:/programs/atmel/7.0/toolchain/avr8/avr8-gnu-toolchain/bin/../lib/gcc/avr/5.4.0/../../../../avr/lib/avr5\libc.a(memcpy.o)
 .text.avr-libc
                0x00000000       0x12 e:/programs/atmel/7.0/toolchain/avr8/avr8-gnu-toolchain/bin/../lib/gcc/avr/5.4.0/../../../../avr/lib/avr5\libc.a(memcpy.o)

Memory Configuration

Name             Origin             Length             Attributes
text             0x00000000         0x00020000         xr
data             0x00800060         0x0000ffa0         rw !x
eeprom           0x00810000         0x00010000         rw !x
fuse             0x00820000         0x00000002         rw !x
lock             0x00830000         0x00000400         rw !x
signature        0x00840000         0x00000400         rw !x
user_signatures  0x00850000         0x00000400         rw !x
*default*        0x00000000         0xffffffff

Linker script and memory map

LOAD E:/Programs/Atmel/7.0/Packs/atmel/ATmega_DFP/1.3.300/gcc/dev/atmega32a/avr5/crtatmega32a.o
LOAD APP/S1US1/S1US1.o
LOAD APP/S1US2/S1US2.o
LOAD APP/S1US3/S1US3.o
LOAD APP/S2US1/S2US1.o
LOAD APP/S2US2/S2US2.o
LOAD APP/S2US3/S2US3.o
LOAD APP/S3US1/S3US1.o
LOAD APP/S3US2/S3US2.o
LOAD COMMON/my_stdlib.o
LOAD ECUAL/KEYPAD/Keypad.o
LOAD ECUAL/LCD/lcd.o
LOAD ECUAL/LCD/LCD_lcfg.o
LOAD ECUAL/LED/led.o
LOAD ECUAL/LM35/LM35.o
LOAD ECUAL/Push Button/pushButton.o
LOAD main.o
LOAD MCAL/ADC/adc.o
LOAD MCAL/ADC/ADC_lcfg.o
LOAD MCAL/DIO/DIO.o
LOAD MCAL/UART/UART.o
LOAD SL/RTOS/croutine.o
LOAD SL/RTOS/event_groups.o
LOAD SL/RTOS/heap_1.o
LOAD SL/RTOS/list.o
LOAD SL/RTOS/port.o
LOAD SL/RTOS/queue.o
LOAD SL/RTOS/stream_buffer.o
LOAD SL/RTOS/tasks.o
LOAD SL/RTOS/timers.o
START GROUP
LOAD e:/programs/atmel/7.0/toolchain/avr8/avr8-gnu-toolchain/bin/../lib/gcc/avr/5.4.0/../../../../avr/lib/avr5\libm.a
END GROUP
START GROUP
LOAD e:/programs/atmel/7.0/toolchain/avr8/avr8-gnu-toolchain/bin/../lib/gcc/avr/5.4.0/avr5\libgcc.a
LOAD e:/programs/atmel/7.0/toolchain/avr8/avr8-gnu-toolchain/bin/../lib/gcc/avr/5.4.0/../../../../avr/lib/avr5\libm.a
LOAD e:/programs/atmel/7.0/toolchain/avr8/avr8-gnu-toolchain/bin/../lib/gcc/avr/5.4.0/../../../../avr/lib/avr5\libc.a
LOAD E:/Programs/Atmel/7.0/Packs/atmel/ATmega_DFP/1.3.300/gcc/dev/atmega32a/avr5\libatmega32a.a
END GROUP
                0x00000000                __TEXT_REGION_ORIGIN__ = DEFINED (__TEXT_REGION_ORIGIN__)?__TEXT_REGION_ORIGIN__:0x0
                0x00800060                __DATA_REGION_ORIGIN__ = DEFINED (__DATA_REGION_ORIGIN__)?__DATA_REGION_ORIGIN__:0x800060
                0x00020000                __TEXT_REGION_LENGTH__ = DEFINED (__TEXT_REGION_LENGTH__)?__TEXT_REGION_LENGTH__:0x20000
                0x0000ffa0                __DATA_REGION_LENGTH__ = DEFINED (__DATA_REGION_LENGTH__)?__DATA_REGION_LENGTH__:0xffa0
                0x00010000                __EEPROM_REGION_LENGTH__ = DEFINED (__EEPROM_REGION_LENGTH__)?__EEPROM_REGION_LENGTH__:0x10000
                [0x00000002]                __FUSE_REGION_LENGTH__ = DEFINED (__FUSE_REGION_LENGTH__)?__FUSE_REGION_LENGTH__:0x400
                0x00000400                __LOCK_REGION_LENGTH__ = DEFINED (__LOCK_REGION_LENGTH__)?__LOCK_REGION_LENGTH__:0x400
                0x00000400                __SIGNATURE_REGION_LENGTH__ = DEFINED (__SIGNATURE_REGION_LENGTH__)?__SIGNATURE_REGION_LENGTH__:0x400
                0x00000400                __USER_SIGNATURE_REGION_LENGTH__ = DEFINED (__USER_SIGNATURE_REGION_LENGTH__)?__USER_SIGNATURE_REGION_LENGTH__:0x400

.hash
 *(.hash)

.dynsym
 *(.dynsym)

.dynstr
 *(.dynstr)

.gnu.version
 *(.gnu.version)

.gnu.version_d
 *(.gnu.version_d)

.gnu.version_r
 *(.gnu.version_r)

.rel.init
 *(.rel.init)

.rela.init
 *(.rela.init)

.rel.text
 *(.rel.text)
 *(.rel.text.*)
 *(.rel.gnu.linkonce.t*)

.rela.text
 *(.rela.text)
 *(.rela.text.*)
 *(.rela.gnu.linkonce.t*)

.rel.fini
 *(.rel.fini)

.rela.fini
 *(.rela.fini)

.rel.rodata
 *(.rel.rodata)
 *(.rel.rodata.*)
 *(.rel.gnu.linkonce.r*)

.rela.rodata
 *(.rela.rodata)
 *(.rela.rodata.*)
 *(.rela.gnu.linkonce.r*)

.rel.data
 *(.rel.data)
 *(.rel.data.*)
 *(.rel.gnu.linkonce.d*)

.rela.data
 *(.rela.data)
 *(.rela.data.*)
 *(.rela.gnu.linkonce.d*)

.rel.ctors
 *(.rel.ctors)

.rela.ctors
 *(.rela.ctors)

.rel.dtors
 *(.rel.dtors)

.rela.dtors
 *(.rela.dtors)

.rel.got
 *(.rel.got)

.rela.got
 *(.rela.got)

.rel.bss
 *(.rel.bss)

.rela.bss
 *(.rela.bss)

.rel.plt
 *(.rel.plt)

.rela.plt
 *(.rela.plt)

.text           0x00000000      0xf5a
 *(.vectors)
 .vectors       0x00000000       0x54 E:/Programs/Atmel/7.0/Packs/atmel/ATmega_DFP/1.3.300/gcc/dev/atmega32a/avr5/crtatmega32a.o
                0x00000000                __vector_default
                0x00000000                __vectors
 *(.vectors)
 *(.progmem.gcc*)
                0x00000054                . = ALIGN (0x2)
                0x00000054                __trampolines_start = .
 *(.trampolines)
 .trampolines   0x00000054        0x0 linker stubs
 *(.trampolines*)
                0x00000054                __trampolines_end = .
 *libprintf_flt.a:*(.progmem.data)
 *libc.a:*(.progmem.data)
 *(.progmem*)
                0x00000054                . = ALIGN (0x2)
 *(.jumptables)
 *(.jumptables*)
 *(.lowtext)
 *(.lowtext*)
                0x00000054                __ctors_start = .
 *(.ctors)
                0x00000054                __ctors_end = .
                0x00000054                __dtors_start = .
 *(.dtors)
                0x00000054                __dtors_end = .
 SORT(*)(.ctors)
 SORT(*)(.dtors)
 *(.init0)
 .init0         0x00000054        0x0 E:/Programs/Atmel/7.0/Packs/atmel/ATmega_DFP/1.3.300/gcc/dev/atmega32a/avr5/crtatmega32a.o
                0x00000054                __init
 *(.init0)
 *(.init1)
 *(.init1)
 *(.init2)
 .init2         0x00000054        0xc E:/Programs/Atmel/7.0/Packs/atmel/ATmega_DFP/1.3.300/gcc/dev/atmega32a/avr5/crtatmega32a.o
 *(.init2)
 *(.init3)
 *(.init3)
 *(.init4)
 .init4         0x00000060       0x16 e:/programs/atmel/7.0/toolchain/avr8/avr8-gnu-toolchain/bin/../lib/gcc/avr/5.4.0/avr5\libgcc.a(_copy_data.o)
                0x00000060                __do_copy_data
 .init4         0x00000076       0x10 e:/programs/atmel/7.0/toolchain/avr8/avr8-gnu-toolchain/bin/../lib/gcc/avr/5.4.0/avr5\libgcc.a(_clear_bss.o)
                0x00000076                __do_clear_bss
 *(.init4)
 *(.init5)
 *(.init5)
 *(.init6)
 *(.init6)
 *(.init7)
 *(.init7)
 *(.init8)
 *(.init8)
 *(.init9)
 .init9         0x00000086        0x8 E:/Programs/Atmel/7.0/Packs/atmel/ATmega_DFP/1.3.300/gcc/dev/atmega32a/avr5/crtatmega32a.o
 *(.init9)
 *(.text)
 .text          0x0000008e        0x4 E:/Programs/Atmel/7.0/Packs/atmel/ATmega_DFP/1.3.300/gcc/dev/atmega32a/avr5/crtatmega32a.o
                0x0000008e                __vector_1
                0x0000008e                __vector_12
                0x0000008e                __bad_interrupt
                0x0000008e                __vector_6
                0x0000008e                __vector_3
                0x0000008e                __vector_11
                0x0000008e                __vector_17
                0x0000008e                __vector_19
                0x0000008e                __vector_5
                0x0000008e                __vector_4
                0x0000008e                __vector_9
                0x0000008e                __vector_2
                0x0000008e                __vector_8
                0x0000008e                __vector_10
                0x0000008e                __vector_18
                0x0000008e                __vector_20
                0x00000092                . = ALIGN (0x2)
 *(.text.*)
 .text.init_task
                0x00000092       0x24 APP/S1US1/S1US1.o
 .text.toggle_task
                0x000000b6       0x10 APP/S1US1/S1US1.o
 .text.S1US1    0x000000c6       0x42 APP/S1US1/S1US1.o
                0x000000c6                S1US1
 .text.Led_Init
                0x00000108       0x6a ECUAL/LED/led.o
                0x00000108                Led_Init
 .text.Led_On   0x00000172       0x40 ECUAL/LED/led.o
                0x00000172                Led_On
 .text.Led_Toggle
                0x000001b2       0x38 ECUAL/LED/led.o
                0x000001b2                Led_Toggle
 .text.main     0x000001ea        0xa main.o
                0x000001ea                main
 .text.__vector_16
                0x000001f4       0x52 MCAL/ADC/adc.o
                0x000001f4                __vector_16
 .text.DIO_init
                0x00000246       0x80 MCAL/DIO/DIO.o
                0x00000246                DIO_init
 .text.DIO_Write
                0x000002c6       0x5c MCAL/DIO/DIO.o
                0x000002c6                DIO_Write
 .text.DIO_Toggle
                0x00000322       0x5c MCAL/DIO/DIO.o
                0x00000322                DIO_Toggle
 .text.__vector_15
                0x0000037e       0x52 MCAL/UART/UART.o
                0x0000037e                __vector_15
 .text.__vector_14
                0x000003d0       0x52 MCAL/UART/UART.o
                0x000003d0                __vector_14
 .text.__vector_13
                0x00000422       0x52 MCAL/UART/UART.o
                0x00000422                __vector_13
 .text.pvPortMalloc
                0x00000474       0x6a SL/RTOS/heap_1.o
                0x00000474                pvPortMalloc
 .text.vPortFree
                0x000004de        0x2 SL/RTOS/heap_1.o
                0x000004de                vPortFree
 .text.vListInitialise
                0x000004e0       0x1c SL/RTOS/list.o
                0x000004e0                vListInitialise
 .text.vListInitialiseItem
                0x000004fc        0x8 SL/RTOS/list.o
                0x000004fc                vListInitialiseItem
 .text.vListInsertEnd
                0x00000504       0x42 SL/RTOS/list.o
                0x00000504                vListInsertEnd
 .text.vListInsert
                0x00000546       0x62 SL/RTOS/list.o
                0x00000546                vListInsert
 .text.uxListRemove
                0x000005a8       0x4e SL/RTOS/list.o
                0x000005a8                uxListRemove
 .text.pxPortInitialiseStack
                0x000005f6       0xd8 SL/RTOS/port.o
                0x000005f6                pxPortInitialiseStack
 .text.xPortStartScheduler
                0x000006ce       0x6a SL/RTOS/port.o
                0x000006ce                xPortStartScheduler
 .text.vPortYield
                0x00000738       0xb2 SL/RTOS/port.o
                0x00000738                vPortYield
 .text.__vector_7
                0x000007ea       0x48 SL/RTOS/port.o
                0x000007ea                __vector_7
 .text.prvResetNextTaskUnblockTime
                0x00000832       0x3e SL/RTOS/tasks.o
 .text.prvIdleTask
                0x00000870        0x6 SL/RTOS/tasks.o
 .text.prvAddCurrentTaskToDelayedList
                0x00000876       0xb0 SL/RTOS/tasks.o
 .text.xTaskCreate
                0x00000926      0x20a SL/RTOS/tasks.o
                0x00000926                xTaskCreate
 .text.vTaskStartScheduler
                0x00000b30       0x54 SL/RTOS/tasks.o
                0x00000b30                vTaskStartScheduler
 .text.vTaskSuspendAll
                0x00000b84        0xc SL/RTOS/tasks.o
                0x00000b84                vTaskSuspendAll
 .text.xTaskIncrementTick
                0x00000b90      0x140 SL/RTOS/tasks.o
                0x00000b90                xTaskIncrementTick
 .text.xTaskResumeAll
                0x00000cd0       0xee SL/RTOS/tasks.o
                0x00000cd0                xTaskResumeAll
 .text.vTaskDelay
                0x00000dbe       0x28 SL/RTOS/tasks.o
                0x00000dbe                vTaskDelay
 .text.vTaskSwitchContext
                0x00000de6       0xcc SL/RTOS/tasks.o
                0x00000de6                vTaskSwitchContext
 .text.vTaskSuspend
                0x00000eb2       0xa4 SL/RTOS/tasks.o
                0x00000eb2                vTaskSuspend
                0x00000f56                . = ALIGN (0x2)
 *(.fini9)
 .fini9         0x00000f56        0x0 e:/programs/atmel/7.0/toolchain/avr8/avr8-gnu-toolchain/bin/../lib/gcc/avr/5.4.0/avr5\libgcc.a(_exit.o)
                0x00000f56                _exit
                0x00000f56                exit
 *(.fini9)
 *(.fini8)
 *(.fini8)
 *(.fini7)
 *(.fini7)
 *(.fini6)
 *(.fini6)
 *(.fini5)
 *(.fini5)
 *(.fini4)
 *(.fini4)
 *(.fini3)
 *(.fini3)
 *(.fini2)
 *(.fini2)
 *(.fini1)
 *(.fini1)
 *(.fini0)
 .fini0         0x00000f56        0x4 e:/programs/atmel/7.0/toolchain/avr8/avr8-gnu-toolchain/bin/../lib/gcc/avr/5.4.0/avr5\libgcc.a(_exit.o)
 *(.fini0)
                0x00000f5a                _etext = .

.data           0x00800060        0xe load address 0x00000f5a
                0x00800060                PROVIDE (__data_start, .)
 *(.data)
 *(.data*)
 *(.gnu.linkonce.d*)
 *(.rodata)
 *(.rodata*)
 .rodata.str1.1
                0x00800060        0x9 APP/S1US1/S1US1.o
 .rodata.str1.1
                0x00800069        0x5 SL/RTOS/tasks.o
 *(.gnu.linkonce.r*)
                0x0080006e                . = ALIGN (0x2)
                0x0080006e                _edata = .
                0x0080006e                PROVIDE (__data_end, .)

.bss            0x0080006e      0x644
                0x0080006e                PROVIDE (__bss_start, .)
 *(.bss)
 *(.bss*)
 .bss.ADC_CBK_Ptr
                0x0080006e        0x2 MCAL/ADC/adc.o
                0x0080006e                ADC_CBK_Ptr
 .bss.DataRegisterEmpty_Cbk_ptr
                0x00800070        0x2 MCAL/UART/UART.o
                0x00800070                DataRegisterEmpty_Cbk_ptr
 .bss.Receiver_Cbk_ptr
                0x00800072        0x2 MCAL/UART/UART.o
                0x00800072                Receiver_Cbk_ptr
 .bss.Transmitter_Cbk_ptr
                0x00800074        0x2 MCAL/UART/UART.o
                0x00800074                Transmitter_Cbk_ptr
 .bss.pucAlignedHeap.2096
                0x00800076        0x2 SL/RTOS/heap_1.o
 .bss.xNextFreeByte
                0x00800078        0x2 SL/RTOS/heap_1.o
 .bss.ucHeap    0x0080007a      0x5dc SL/RTOS/heap_1.o
 .bss.uxSchedulerSuspended
                0x00800656        0x1 SL/RTOS/tasks.o
 .bss.xIdleTaskHandle
                0x00800657        0x2 SL/RTOS/tasks.o
 .bss.xNextTaskUnblockTime
                0x00800659        0x2 SL/RTOS/tasks.o
 .bss.uxTaskNumber
                0x0080065b        0x1 SL/RTOS/tasks.o
 .bss.xNumOfOverflows
                0x0080065c        0x1 SL/RTOS/tasks.o
 .bss.xYieldPending
                0x0080065d        0x1 SL/RTOS/tasks.o
 .bss.uxPendedTicks
                0x0080065e        0x1 SL/RTOS/tasks.o
 .bss.xSchedulerRunning
                0x0080065f        0x1 SL/RTOS/tasks.o
 .bss.uxTopReadyPriority
                0x00800660        0x1 SL/RTOS/tasks.o
 .bss.xTickCount
                0x00800661        0x2 SL/RTOS/tasks.o
 .bss.uxCurrentNumberOfTasks
                0x00800663        0x1 SL/RTOS/tasks.o
 .bss.xSuspendedTaskList
                0x00800664        0x9 SL/RTOS/tasks.o
 .bss.xPendingReadyList
                0x0080066d        0x9 SL/RTOS/tasks.o
 .bss.pxOverflowDelayedTaskList
                0x00800676        0x2 SL/RTOS/tasks.o
 .bss.pxDelayedTaskList
                0x00800678        0x2 SL/RTOS/tasks.o
 .bss.xDelayedTaskList2
                0x0080067a        0x9 SL/RTOS/tasks.o
 .bss.xDelayedTaskList1
                0x00800683        0x9 SL/RTOS/tasks.o
 .bss.pxReadyTasksLists
                0x0080068c       0x24 SL/RTOS/tasks.o
 .bss.pxCurrentTCB
                0x008006b0        0x2 SL/RTOS/tasks.o
                0x008006b0                pxCurrentTCB
 *(COMMON)
                0x008006b2                PROVIDE (__bss_end, .)
                0x00000f5a                __data_load_start = LOADADDR (.data)
                0x00000f68                __data_load_end = (__data_load_start + SIZEOF (.data))

.noinit         0x008006b2        0x0
                [!provide]                PROVIDE (__noinit_start, .)
 *(.noinit*)
                [!provide]                PROVIDE (__noinit_end, .)
                0x008006b2                _end = .
                [!provide]                PROVIDE (__heap_start, .)

.eeprom         0x00810000        0x0
 *(.eeprom*)
                0x00810000                __eeprom_end = .

.fuse
 *(.fuse)
 *(.lfuse)
 *(.hfuse)
 *(.efuse)

.lock
 *(.lock*)

.signature
 *(.signature*)

.user_signatures
 *(.user_signatures*)

.stab
 *(.stab)

.stabstr
 *(.stabstr)

.stab.excl
 *(.stab.excl)

.stab.exclstr
 *(.stab.exclstr)

.stab.index
 *(.stab.index)

.stab.indexstr
 *(.stab.indexstr)

.comment        0x00000000       0x30
 *(.comment)
 .comment       0x00000000       0x30 APP/S1US1/S1US1.o
                                 0x31 (size before relaxing)
 .comment       0x00000030       0x31 ECUAL/LED/led.o
 .comment       0x00000030       0x31 main.o
 .comment       0x00000030       0x31 MCAL/ADC/adc.o
 .comment       0x00000030       0x31 MCAL/DIO/DIO.o
 .comment       0x00000030       0x31 MCAL/UART/UART.o
 .comment       0x00000030       0x31 SL/RTOS/heap_1.o
 .comment       0x00000030       0x31 SL/RTOS/list.o
 .comment       0x00000030       0x31 SL/RTOS/port.o
 .comment       0x00000030       0x31 SL/RTOS/tasks.o

.note.gnu.avr.deviceinfo
                0x00000000       0x3c
 .note.gnu.avr.deviceinfo
                0x00000000       0x3c E:/Programs/Atmel/7.0/Packs/atmel/ATmega_DFP/1.3.300/gcc/dev/atmega32a/avr5/crtatmega32a.o

.note.gnu.build-id
 *(.note.gnu.build-id)

.debug
 *(.debug)

.line
 *(.line)

.debug_srcinfo
 *(.debug_srcinfo)

.debug_sfnames
 *(.debug_sfnames)

.debug_aranges  0x00000000      0x368
 *(.debug_aranges)
 .debug_aranges
                0x00000000       0x30 APP/S1US1/S1US1.o
 .debug_aranges
                0x00000030       0x38 ECUAL/LED/led.o
 .debug_aranges
                0x00000068       0x20 main.o
 .debug_aranges
                0x00000088       0x68 MCAL/ADC/adc.o
 .debug_aranges
                0x000000f0       0x38 MCAL/DIO/DIO.o
 .debug_aranges
                0x00000128       0x50 MCAL/UART/UART.o
 .debug_aranges
                0x00000178       0x38 SL/RTOS/heap_1.o
 .debug_aranges
                0x000001b0       0x40 SL/RTOS/list.o
 .debug_aranges
                0x000001f0       0x48 SL/RTOS/port.o
 .debug_aranges
                0x00000238      0x130 SL/RTOS/tasks.o

.debug_pubnames
 *(.debug_pubnames)

.debug_info     0x00000000     0x353b
 *(.debug_info .gnu.linkonce.wi.*)
 .debug_info    0x00000000      0x4e6 E:/Programs/Atmel/7.0/Packs/atmel/ATmega_DFP/1.3.300/gcc/dev/atmega32a/avr5/crtatmega32a.o
 .debug_info    0x000004e6      0x2b9 APP/S1US1/S1US1.o
 .debug_info    0x0000079f      0x31d ECUAL/LED/led.o
 .debug_info    0x00000abc       0x66 main.o
 .debug_info    0x00000b22      0x43c MCAL/ADC/adc.o
 .debug_info    0x00000f5e      0x219 MCAL/DIO/DIO.o
 .debug_info    0x00001177      0x353 MCAL/UART/UART.o
 .debug_info    0x000014ca      0x1ab SL/RTOS/heap_1.o
 .debug_info    0x00001675      0x2df SL/RTOS/list.o
 .debug_info    0x00001954      0x290 SL/RTOS/port.o
 .debug_info    0x00001be4     0x1957 SL/RTOS/tasks.o

.debug_abbrev   0x00000000     0x11cc
 *(.debug_abbrev)
 .debug_abbrev  0x00000000      0x4a3 E:/Programs/Atmel/7.0/Packs/atmel/ATmega_DFP/1.3.300/gcc/dev/atmega32a/avr5/crtatmega32a.o
 .debug_abbrev  0x000004a3      0x137 APP/S1US1/S1US1.o
 .debug_abbrev  0x000005da       0xf7 ECUAL/LED/led.o
 .debug_abbrev  0x000006d1       0x5a main.o
 .debug_abbrev  0x0000072b      0x1aa MCAL/ADC/adc.o
 .debug_abbrev  0x000008d5       0xe0 MCAL/DIO/DIO.o
 .debug_abbrev  0x000009b5      0x16a MCAL/UART/UART.o
 .debug_abbrev  0x00000b1f      0x11c SL/RTOS/heap_1.o
 .debug_abbrev  0x00000c3b       0xff SL/RTOS/list.o
 .debug_abbrev  0x00000d3a      0x17d SL/RTOS/port.o
 .debug_abbrev  0x00000eb7      0x315 SL/RTOS/tasks.o

.debug_line     0x00000000     0x1fb0
 *(.debug_line .debug_line.* .debug_line_end)
 .debug_line    0x00000000      0x115 E:/Programs/Atmel/7.0/Packs/atmel/ATmega_DFP/1.3.300/gcc/dev/atmega32a/avr5/crtatmega32a.o
 .debug_line    0x00000115      0x159 APP/S1US1/S1US1.o
 .debug_line    0x0000026e      0x1a5 ECUAL/LED/led.o
 .debug_line    0x00000413       0x5d main.o
 .debug_line    0x00000470      0x2ba MCAL/ADC/adc.o
 .debug_line    0x0000072a      0x220 MCAL/DIO/DIO.o
 .debug_line    0x0000094a      0x338 MCAL/UART/UART.o
 .debug_line    0x00000c82      0x181 SL/RTOS/heap_1.o
 .debug_line    0x00000e03      0x1c3 SL/RTOS/list.o
 .debug_line    0x00000fc6      0x296 SL/RTOS/port.o
 .debug_line    0x0000125c      0xd54 SL/RTOS/tasks.o

.debug_frame    0x00000000      0x9e0
 *(.debug_frame)
 .debug_frame   0x00000000       0x64 APP/S1US1/S1US1.o
 .debug_frame   0x00000064       0x64 ECUAL/LED/led.o
 .debug_frame   0x000000c8       0x24 main.o
 .debug_frame   0x000000ec      0x108 MCAL/ADC/adc.o
 .debug_frame   0x000001f4       0x54 MCAL/DIO/DIO.o
 .debug_frame   0x00000248      0x1a4 MCAL/UART/UART.o
 .debug_frame   0x000003ec       0x60 SL/RTOS/heap_1.o
 .debug_frame   0x0000044c       0x88 SL/RTOS/list.o
 .debug_frame   0x000004d4       0xbc SL/RTOS/port.o
 .debug_frame   0x00000590      0x450 SL/RTOS/tasks.o

.debug_str      0x00000000     0x127d
 *(.debug_str)
 .debug_str     0x00000000      0x196 E:/Programs/Atmel/7.0/Packs/atmel/ATmega_DFP/1.3.300/gcc/dev/atmega32a/avr5/crtatmega32a.o
 .debug_str     0x00000196      0x1f8 APP/S1US1/S1US1.o
                                0x231 (size before relaxing)
 .debug_str     0x0000038e       0x66 ECUAL/LED/led.o
                                0x1f6 (size before relaxing)
 .debug_str     0x000003f4       0x11 main.o
                                0x107 (size before relaxing)
 .debug_str     0x00000405      0x1cf MCAL/ADC/adc.o
                                0x358 (size before relaxing)
 .debug_str     0x000005d4       0x2f MCAL/DIO/DIO.o
                                0x1da (size before relaxing)
 .debug_str     0x00000603      0x18a MCAL/UART/UART.o
                                0x315 (size before relaxing)
 .debug_str     0x0000078d       0xc6 SL/RTOS/heap_1.o
                                0x231 (size before relaxing)
 .debug_str     0x00000853      0x13b SL/RTOS/list.o
                                0x2c0 (size before relaxing)
 .debug_str     0x0000098e      0x111 SL/RTOS/port.o
                                0x2c9 (size before relaxing)
 .debug_str     0x00000a9f      0x7de SL/RTOS/tasks.o
                                0xbab (size before relaxing)

.debug_loc      0x00000000     0x30c8
 *(.debug_loc)
 .debug_loc     0x00000000       0xaa APP/S1US1/S1US1.o
 .debug_loc     0x000000aa      0x1c2 ECUAL/LED/led.o
 .debug_loc     0x0000026c      0x394 MCAL/ADC/adc.o
 .debug_loc     0x00000600      0x551 MCAL/DIO/DIO.o
 .debug_loc     0x00000b51      0x3fb MCAL/UART/UART.o
 .debug_loc     0x00000f4c       0xf1 SL/RTOS/heap_1.o
 .debug_loc     0x0000103d      0x145 SL/RTOS/list.o
 .debug_loc     0x00001182      0x36b SL/RTOS/port.o
 .debug_loc     0x000014ed     0x1bdb SL/RTOS/tasks.o

.debug_macinfo
 *(.debug_macinfo)

.debug_weaknames
 *(.debug_weaknames)

.debug_funcnames
 *(.debug_funcnames)

.debug_typenames
 *(.debug_typenames)

.debug_varnames
 *(.debug_varnames)

.debug_pubtypes
 *(.debug_pubtypes)

.debug_ranges   0x00000000      0x328
 *(.debug_ranges)
 .debug_ranges  0x00000000       0x20 APP/S1US1/S1US1.o
 .debug_ranges  0x00000020       0x28 ECUAL/LED/led.o
 .debug_ranges  0x00000048       0x10 main.o
 .debug_ranges  0x00000058       0x58 MCAL/ADC/adc.o
 .debug_ranges  0x000000b0       0x28 MCAL/DIO/DIO.o
 .debug_ranges  0x000000d8       0x58 MCAL/UART/UART.o
 .debug_ranges  0x00000130       0x28 SL/RTOS/heap_1.o
 .debug_ranges  0x00000158       0x30 SL/RTOS/list.o
 .debug_ranges  0x00000188       0x38 SL/RTOS/port.o
 .debug_ranges  0x000001c0      0x168 SL/RTOS/tasks.o

.debug_macro
 *(.debug_macro)
OUTPUT(RTOS.elf elf32-avr)
LOAD linker stubs
